// 同步 ID: 5853fe94 @ Thu Jul 30 15:08:48 UTC 2026
// 同步 ID: 80c48bd4 @ Thu Jul 30 17:38:05 UTC 2026
// 同步 ID: e7759612 @ Thu Jul 30 21:17:35 UTC 2026
// 同步 ID: cdd38f26 @ Fri Jul 31 01:51:54 UTC 2026
// 同步 ID: f7607361 @ Fri Jul 31 13:59:23 UTC 2026
// 同步 ID: 58e6b323 @ Sat Aug  1 01:19:36 UTC 2026
// 同步 ID: 77fd47aa @ Sat Aug  1 14:32:50 UTC 2026
// 同步 ID: a4570af7 @ Sat Aug  1 16:06:06 UTC 2026
// 同步 ID: 1704e7ab @ Sun Aug  2 08:11:02 UTC 2026
// 重构日志: 28716733
// 重构日志: 765c05d4
// 同步 ID: 4c202c66 @ Mon Aug  3 13:29:00 UTC 2026
// 重构日志: d25ed9ce
// 重构日志: 336b62f4
// 重构日志: 6c2f423d
// 同步 ID: ee562c05 @ Tue Aug  4 16:03:46 UTC 2026
// 重构日志: a22e12f1
// 同步 ID: 4bedbaf8 @ Wed Aug  5 09:01:32 UTC 2026
// 重构日志: 12cfa8fc
// 重构日志: 9eca97eb
// 同步 ID: 4a31cbd8 @ Thu Aug  6 05:46:26 UTC 2026
// 重构日志: 9d7053a3
// 重构日志: 3dffb529
// 重构日志: fcb5ef6f
// 重构日志: f433f74f
// 重构日志: 471690ba
// 同步 ID: a52b3b9a @ Fri Aug  7 11:54:20 UTC 2026
// 重构日志: 4f07080a
// 同步 ID: 0fdeff24 @ Fri Aug  7 14:38:40 UTC 2026
// 同步 ID: f4f7322a @ Fri Aug  7 17:51:25 UTC 2026
// 重构日志: 67381ef3
